Font.hpp:200:30:virtual const touchgfx::GlyphNode* touchgfx::Font::getGlyph(touchgfx::Unicode::UnicodeChar) const	16	static
Font.hpp:219:34:virtual touchgfx::Unicode::UnicodeChar touchgfx::Font::getFallbackChar() const	0	static
Font.hpp:232:34:virtual touchgfx::Unicode::UnicodeChar touchgfx::Font::getEllipsisChar() const	0	static
Font.hpp:331:44:virtual uint16_t touchgfx::Font::getBaseline() const	0	static
Font.hpp:351:44:virtual uint16_t touchgfx::Font::getHeight() const	0	static
Font.hpp:382:43:virtual uint8_t touchgfx::Font::getBitsPerPixel() const	0	static
Font.hpp:392:43:virtual uint8_t touchgfx::Font::getByteAlignRow() const	0	static
Font.hpp:471:18:virtual bool touchgfx::Font::isVectorBasedFont() const	0	static
Font.hpp:481:19:virtual float touchgfx::Font::getScaleFactor() const	0	static
UnmappedDataFont.hpp:90:29:virtual const uint16_t* touchgfx::UnmappedDataFont::getGSUBTable() const	0	static
UnmappedDataFont.hpp:100:45:virtual const touchgfx::FontContextualFormsTable* touchgfx::UnmappedDataFont::getContextualFormsTable() const	0	static
UnmappedDataFont.cpp:45:16:virtual const uint8_t* touchgfx::UnmappedDataFont::getPixelData(const touchgfx::GlyphNode*) const	0	static
UnmappedDataFont.cpp:51:8:virtual int8_t touchgfx::UnmappedDataFont::getKerning(touchgfx::Unicode::UnicodeChar, const touchgfx::GlyphNode*) const	8	static
UnmappedDataFont.hpp:19:7:touchgfx::UnmappedDataFont::~UnmappedDataFont()	0	static
UnmappedDataFont.cpp:232:16:virtual const uint8_t* touchgfx::CompressedUnmappedDataFont::getPixelData(const touchgfx::GlyphNode*) const	0	static
UnmappedDataFont.hpp:125:7:touchgfx::CompressedUnmappedDataFont::~CompressedUnmappedDataFont()	0	static
UnmappedDataFont.hpp:19:7:virtual touchgfx::UnmappedDataFont::~UnmappedDataFont()	8	static
UnmappedDataFont.hpp:125:7:virtual touchgfx::CompressedUnmappedDataFont::~CompressedUnmappedDataFont()	8	static
UnmappedDataFont.cpp:13:1:touchgfx::UnmappedDataFont::UnmappedDataFont(const touchgfx::GlyphNode*, const uint16_t*, uint16_t, uint16_t, uint16_t, uint8_t, uint8_t, uint8_t, uint8_t, uint8_t, uint8_t, const uint8_t* const*, const touchgfx::KerningNode*, touchgfx::Unicode::UnicodeChar, touchgfx::Unicode::UnicodeChar, const uint16_t*, const touchgfx::FontContextualFormsTable*)	16	static
UnmappedDataFont.cpp:73:5:int touchgfx::UnmappedDataFont::lookupUnicode(uint16_t) const	16	static
UnmappedDataFont.cpp:25:18:virtual const touchgfx::GlyphNode* touchgfx::UnmappedDataFont::getGlyph(touchgfx::Unicode::UnicodeChar, const uint8_t*&, uint8_t&) const	8	static
UnmappedDataFont.cpp:159:18:virtual const touchgfx::GlyphNode* touchgfx::CompressedUnmappedDataFont::getGlyph(touchgfx::Unicode::UnicodeChar) const	8	static
UnmappedDataFont.cpp:186:18:virtual const touchgfx::GlyphNode* touchgfx::CompressedUnmappedDataFont::getGlyph(touchgfx::Unicode::UnicodeChar, const uint8_t*&, uint8_t&) const	32	static
UnmappedDataFont.cpp:154:1:touchgfx::CompressedUnmappedDataFont::CompressedUnmappedDataFont(const touchgfx::GlyphNode*, const uint16_t*, uint16_t, uint16_t, uint16_t, uint8_t, uint8_t, uint8_t, uint8_t, uint8_t, uint8_t, const uint8_t* const*, const touchgfx::KerningNode*, touchgfx::Unicode::UnicodeChar, touchgfx::Unicode::UnicodeChar, const uint16_t*, const touchgfx::FontContextualFormsTable*)	16	static
