Drawable.hpp:121:18:virtual void touchgfx::Drawable::invalidateContent() const	0	static
Drawable.hpp:147:23:virtual touchgfx::Drawable* touchgfx::Drawable::getFirstChild()	0	static
Drawable.hpp:315:18:virtual void touchgfx::Drawable::setX(int16_t)	0	static
Drawable.hpp:327:18:virtual void touchgfx::Drawable::setY(int16_t)	0	static
Drawable.hpp:356:18:virtual void touchgfx::Drawable::setWidth(int16_t)	0	static
Drawable.hpp:368:18:virtual void touchgfx::Drawable::setHeight(int16_t)	0	static
Drawable.hpp:378:18:virtual void touchgfx::Drawable::childGeometryChanged()	0	static
Drawable.hpp:389:18:virtual void touchgfx::Drawable::handleClickEvent(const touchgfx::ClickEvent&)	0	static
Drawable.hpp:401:18:virtual void touchgfx::Drawable::handleGestureEvent(const touchgfx::GestureEvent&)	0	static
Drawable.hpp:490:18:virtual void touchgfx::Drawable::handleDragEvent(const touchgfx::DragEvent&)	0	static
Drawable.hpp:501:18:virtual void touchgfx::Drawable::handleTickEvent()	0	static
Drawable.hpp:588:18:virtual void touchgfx::Drawable::moveTo(int16_t, int16_t)	4	static
Drawable.hpp:703:18:virtual void touchgfx::Drawable::setupDrawChain(const touchgfx::Rect&, touchgfx::Drawable**)	0	static
Widget.hpp:45:18:virtual void touchgfx::Widget::getLastChild(int16_t, int16_t, touchgfx::Drawable**)	0	static
Screen.hpp:93:18:virtual void touchgfx::Screen::setupScreen()	0	static
Screen.hpp:104:18:virtual void touchgfx::Screen::afterTransition()	0	static
Screen.hpp:115:18:virtual void touchgfx::Screen::tearDownScreen()	0	static
Screen.hpp:144:18:virtual void touchgfx::Screen::handleTickEvent()	0	static
Screen.hpp:154:18:virtual void touchgfx::Screen::handleKeyEvent(uint8_t)	0	static
TypedText.hpp:65:13:touchgfx::TypedText::~TypedText()	0	static
AbstractPainter.hpp:61:34:virtual touchgfx::HAL::RenderingMethod touchgfx::AbstractPainter::getRenderingMethod() const	0	static
AbstractPainter.hpp:78:18:virtual bool touchgfx::AbstractPainter::setup(const touchgfx::Rect&) const	0	static
AbstractPainter.hpp:90:18:virtual void touchgfx::AbstractPainter::tearDown() const	0	static
CanvasWidget.hpp:66:18:virtual void touchgfx::CanvasWidget::setAlpha(uint8_t)	0	static
CanvasWidget.hpp:72:21:virtual uint8_t touchgfx::CanvasWidget::getAlpha() const	0	static
CanvasWidget.hpp:134:18:virtual touchgfx::Rect touchgfx::CanvasWidget::getSolidRect() const	0	static
View.hpp:36:7:touchgfx::View<Screen1Presenter>::~View()	0	static
Screen1ViewBase.cpp:76:6:virtual void Screen1ViewBase::setupScreen()	0	static
Shape.hpp:35:7:touchgfx::Shape<4>::~Shape()	0	static
Shape.hpp:38:17:int touchgfx::Shape<POINTS>::getNumPoints() const [with short unsigned int POINTS = 4]	0	static
Shape.hpp:43:18:void touchgfx::Shape<POINTS>::setCorner(int, touchgfx::CWRUtil::Q5, touchgfx::CWRUtil::Q5) [with short unsigned int POINTS = 4]	0	static
Shape.hpp:51:25:touchgfx::CWRUtil::Q5 touchgfx::Shape<POINTS>::getCornerX(int) const [with short unsigned int POINTS = 4]	0	static
Shape.hpp:60:25:touchgfx::CWRUtil::Q5 touchgfx::Shape<POINTS>::getCornerY(int) const [with short unsigned int POINTS = 4]	0	static
Shape.hpp:70:18:void touchgfx::Shape<POINTS>::setCache(int, touchgfx::CWRUtil::Q5, touchgfx::CWRUtil::Q5) [with short unsigned int POINTS = 4]	0	static
Shape.hpp:78:25:touchgfx::CWRUtil::Q5 touchgfx::Shape<POINTS>::getCacheX(int) const [with short unsigned int POINTS = 4]	0	static
Shape.hpp:87:25:touchgfx::CWRUtil::Q5 touchgfx::Shape<POINTS>::getCacheY(int) const [with short unsigned int POINTS = 4]	0	static
TypedText.hpp:65:13:virtual touchgfx::TypedText::~TypedText()	8	static
View.hpp:36:7:virtual touchgfx::View<Screen1Presenter>::~View()	8	static
Shape.hpp:35:7:virtual touchgfx::Shape<4>::~Shape()	8	static
Screen1ViewBase.cpp:71:1:Screen1ViewBase::~Screen1ViewBase()	8	static
Screen1ViewBase.cpp:71:1:virtual Screen1ViewBase::~Screen1ViewBase()	8	static
Drawable.hpp:343:10:void touchgfx::Drawable::setXY(int16_t, int16_t)	16	static
Drawable.hpp:233:10:void touchgfx::Drawable::setPosition(int16_t, int16_t, int16_t, int16_t)	16	static
Box.hpp:33:5:touchgfx::Box::Box()	0	static
AbstractPainterRGB888.hpp:36:5:touchgfx::AbstractPainterRGB888::AbstractPainterRGB888()	16	static
Screen1ViewBase.cpp:10:1:Screen1ViewBase::Screen1ViewBase()	128	static
